<?xml version='1.0' encoding='UTF-8'?>
<dataset>
  <month ID="0" MONTH="MONDAY" NAME="test_0"/>
  <month ID="1" MONTH="TUESDAY" NAME="test_1"/>
  <month ID="2" MONTH="SUNDAY" NAME="test_2"/>
</dataset>
